// Jest Snapshot v1, https://goo.gl/fbAQLP

exports[`Checkbox Theme: jobStreet Checked 1`] = `
<div
  class="Box__root borderColor__standard"
>
  <input
    aria-describedby="id-message"
    checked=""
    class="Checkbox__realCheckbox"
    id="id"
    type="checkbox"
  />
  <div
    class="Checkbox__content"
  >
    <label
      class="Checkbox__label Box__root borderColor__standard"
      for="id"
      style="min-height: 44px;"
    >
      <div
        class="Checkbox__checkboxContainer Box__root borderColor__standard marginRight__small"
        style="width: 24px; height: 24px; margin-top: 10px;"
      >
        <div
          class="Checkbox__checkbox borderRadius__standard Box__root backgroundColor__input borderColor__standard borderWidth__standard"
        />
        <div
          class="Checkbox__checkbox Checkbox__checkboxHover borderRadius__standard Box__root backgroundColor__input borderColor__formAccent borderWidth__standard"
        />
        <div
          class="Checkbox__checkbox Checkbox__checkboxFocus boxShadow__focus borderRadius__standard transition__fast Box__root backgroundColor__input borderColor__standard"
        />
        <div
          class="Checkbox__checkbox Checkbox__checkboxChecked backgroundColor__formAccent borderRadius__standard transition__fast Box__root backgroundColor__input borderColor__formAccent borderWidth__standard"
        />
        <div
          class="Checkbox__checkbox Checkbox__checkboxDisabled borderRadius__standard transition__fast Box__root backgroundColor__inputDisabled borderColor__standard borderWidth__standard"
        />
        <div
          class="Checkbox__checkbox Checkbox__checkboxCritical borderRadius__standard transition__fast Box__root borderColor__critical borderWidth__standard"
          style="opacity: 0;"
        />
        <div
          class="Checkbox__checkboxIcon transition__fast Box__root borderColor__standard"
        >
          <svg
            class="fill__white Icon__fillSize Box__root borderColor__standard"
            height="16"
            viewBox="90.471 302.809 823 823"
            width="16"
          >
            <path
              d="M365.407 1022.185L90.677 747.457l67.883-67.882L365.406 886.42l479.977-479.988 67.883 67.882"
            />
          </svg>
        </div>
      </div>
      <div
        class="Text__block fontFamily__text color__neutral fontSize__interaction fontWeight__regular Box__root borderColor__standard"
      >
        Label
      </div>
    </label>
  </div>
  <div
    class="Box__root borderColor__standard paddingRight__none paddingLeft__none"
  >
    <div
      class="Box__root borderColor__standard paddingBottom__small"
      id="id-message"
      tabindex="-1"
    >
      <div
        class="Text__block fontFamily__text color__neutral fontSize__standard fontWeight__regular transform__standardText Box__root borderColor__standard"
      >
        <div
          class="FieldMessage__content"
        >
          <div
            class="height__standardText"
          />
          <div />
        </div>
      </div>
    </div>
  </div>
</div>
`;

exports[`Checkbox Theme: jobStreet Children when checked 1`] = `
<div
  class="Box__root borderColor__standard"
>
  <input
    aria-describedby="id-message"
    checked=""
    class="Checkbox__realCheckbox"
    id="id"
    type="checkbox"
  />
  <div
    class="Checkbox__content"
  >
    <label
      class="Checkbox__label Box__root borderColor__standard"
      for="id"
      style="min-height: 44px;"
    >
      <div
        class="Checkbox__checkboxContainer Box__root borderColor__standard marginRight__small"
        style="width: 24px; height: 24px; margin-top: 10px;"
      >
        <div
          class="Checkbox__checkbox borderRadius__standard Box__root backgroundColor__input borderColor__standard borderWidth__standard"
        />
        <div
          class="Checkbox__checkbox Checkbox__checkboxHover borderRadius__standard Box__root backgroundColor__input borderColor__formAccent borderWidth__standard"
        />
        <div
          class="Checkbox__checkbox Checkbox__checkboxFocus boxShadow__focus borderRadius__standard transition__fast Box__root backgroundColor__input borderColor__standard"
        />
        <div
          class="Checkbox__checkbox Checkbox__checkboxChecked backgroundColor__formAccent borderRadius__standard transition__fast Box__root backgroundColor__input borderColor__formAccent borderWidth__standard"
        />
        <div
          class="Checkbox__checkbox Checkbox__checkboxDisabled borderRadius__standard transition__fast Box__root backgroundColor__inputDisabled borderColor__standard borderWidth__standard"
        />
        <div
          class="Checkbox__checkbox Checkbox__checkboxCritical borderRadius__standard transition__fast Box__root borderColor__critical borderWidth__standard"
          style="opacity: 0;"
        />
        <div
          class="Checkbox__checkboxIcon transition__fast Box__root borderColor__standard"
        >
          <svg
            class="fill__white Icon__fillSize Box__root borderColor__standard"
            height="16"
            viewBox="90.471 302.809 823 823"
            width="16"
          >
            <path
              d="M365.407 1022.185L90.677 747.457l67.883-67.882L365.406 886.42l479.977-479.988 67.883 67.882"
            />
          </svg>
        </div>
      </div>
      <div
        class="Text__block fontFamily__text color__neutral fontSize__interaction fontWeight__strong Box__root borderColor__standard"
      >
        Label
      </div>
    </label>
    <div
      class="Box__root borderColor__standard paddingRight__none paddingLeft__none"
    >
      <div
        class="Checkbox__children Box__root borderColor__standard paddingBottom__small paddingLeft__small"
        style="margin-left: 24px;"
      >
        Children
      </div>
    </div>
  </div>
  <div
    class="Box__root borderColor__standard paddingRight__none paddingLeft__none"
  >
    <div
      class="Box__root borderColor__standard paddingBottom__small"
      id="id-message"
      tabindex="-1"
    >
      <div
        class="Text__block fontFamily__text color__neutral fontSize__standard fontWeight__regular transform__standardText Box__root borderColor__standard"
      >
        <div
          class="FieldMessage__content"
        >
          <div
            class="height__standardText"
          />
          <div />
        </div>
      </div>
    </div>
  </div>
</div>
`;

exports[`Checkbox Theme: jobStreet Children when unchecked 1`] = `
<div
  class="Box__root borderColor__standard"
>
  <input
    aria-describedby="id-message"
    class="Checkbox__realCheckbox"
    id="id"
    type="checkbox"
  />
  <div
    class="Checkbox__content"
  >
    <label
      class="Checkbox__label Box__root borderColor__standard"
      for="id"
      style="min-height: 44px;"
    >
      <div
        class="Checkbox__checkboxContainer Box__root borderColor__standard marginRight__small"
        style="width: 24px; height: 24px; margin-top: 10px;"
      >
        <div
          class="Checkbox__checkbox borderRadius__standard Box__root backgroundColor__input borderColor__standard borderWidth__standard"
        />
        <div
          class="Checkbox__checkbox Checkbox__checkboxHover borderRadius__standard Box__root backgroundColor__input borderColor__formAccent borderWidth__standard"
        />
        <div
          class="Checkbox__checkbox Checkbox__checkboxFocus boxShadow__focus borderRadius__standard transition__fast Box__root backgroundColor__input borderColor__standard"
        />
        <div
          class="Checkbox__checkbox Checkbox__checkboxChecked backgroundColor__formAccent borderRadius__standard transition__fast Box__root backgroundColor__input borderColor__formAccent borderWidth__standard"
        />
        <div
          class="Checkbox__checkbox Checkbox__checkboxDisabled borderRadius__standard transition__fast Box__root backgroundColor__inputDisabled borderColor__standard borderWidth__standard"
        />
        <div
          class="Checkbox__checkbox Checkbox__checkboxCritical borderRadius__standard transition__fast Box__root borderColor__critical borderWidth__standard"
          style="opacity: 0;"
        />
        <div
          class="Checkbox__checkboxIcon transition__fast Box__root borderColor__standard"
        >
          <svg
            class="fill__white Icon__fillSize Box__root borderColor__standard"
            height="16"
            viewBox="90.471 302.809 823 823"
            width="16"
          >
            <path
              d="M365.407 1022.185L90.677 747.457l67.883-67.882L365.406 886.42l479.977-479.988 67.883 67.882"
            />
          </svg>
        </div>
      </div>
      <div
        class="Text__block fontFamily__text color__neutral fontSize__interaction fontWeight__regular Box__root borderColor__standard"
      >
        Label
      </div>
    </label>
    <div
      class="Box__root borderColor__standard paddingRight__none paddingLeft__none"
    >
      <div
        class="Checkbox__children Box__root borderColor__standard paddingBottom__small paddingLeft__small"
        style="margin-left: 24px;"
      >
        Children
      </div>
    </div>
  </div>
  <div
    class="Box__root borderColor__standard paddingRight__none paddingLeft__none"
  >
    <div
      class="Box__root borderColor__standard paddingBottom__small"
      id="id-message"
      tabindex="-1"
    >
      <div
        class="Text__block fontFamily__text color__neutral fontSize__standard fontWeight__regular transform__standardText Box__root borderColor__standard"
      >
        <div
          class="FieldMessage__content"
        >
          <div
            class="height__standardText"
          />
          <div />
        </div>
      </div>
    </div>
  </div>
</div>
`;

exports[`Checkbox Theme: jobStreet Unchecked 1`] = `
<div
  class="Box__root borderColor__standard"
>
  <input
    aria-describedby="id-message"
    class="Checkbox__realCheckbox"
    id="id"
    type="checkbox"
  />
  <div
    class="Checkbox__content"
  >
    <label
      class="Checkbox__label Box__root borderColor__standard"
      for="id"
      style="min-height: 44px;"
    >
      <div
        class="Checkbox__checkboxContainer Box__root borderColor__standard marginRight__small"
        style="width: 24px; height: 24px; margin-top: 10px;"
      >
        <div
          class="Checkbox__checkbox borderRadius__standard Box__root backgroundColor__input borderColor__standard borderWidth__standard"
        />
        <div
          class="Checkbox__checkbox Checkbox__checkboxHover borderRadius__standard Box__root backgroundColor__input borderColor__formAccent borderWidth__standard"
        />
        <div
          class="Checkbox__checkbox Checkbox__checkboxFocus boxShadow__focus borderRadius__standard transition__fast Box__root backgroundColor__input borderColor__standard"
        />
        <div
          class="Checkbox__checkbox Checkbox__checkboxChecked backgroundColor__formAccent borderRadius__standard transition__fast Box__root backgroundColor__input borderColor__formAccent borderWidth__standard"
        />
        <div
          class="Checkbox__checkbox Checkbox__checkboxDisabled borderRadius__standard transition__fast Box__root backgroundColor__inputDisabled borderColor__standard borderWidth__standard"
        />
        <div
          class="Checkbox__checkbox Checkbox__checkboxCritical borderRadius__standard transition__fast Box__root borderColor__critical borderWidth__standard"
          style="opacity: 0;"
        />
        <div
          class="Checkbox__checkboxIcon transition__fast Box__root borderColor__standard"
        >
          <svg
            class="fill__white Icon__fillSize Box__root borderColor__standard"
            height="16"
            viewBox="90.471 302.809 823 823"
            width="16"
          >
            <path
              d="M365.407 1022.185L90.677 747.457l67.883-67.882L365.406 886.42l479.977-479.988 67.883 67.882"
            />
          </svg>
        </div>
      </div>
      <div
        class="Text__block fontFamily__text color__neutral fontSize__interaction fontWeight__regular Box__root borderColor__standard"
      >
        Label
      </div>
    </label>
  </div>
  <div
    class="Box__root borderColor__standard paddingRight__none paddingLeft__none"
  >
    <div
      class="Box__root borderColor__standard paddingBottom__small"
      id="id-message"
      tabindex="-1"
    >
      <div
        class="Text__block fontFamily__text color__neutral fontSize__standard fontWeight__regular transform__standardText Box__root borderColor__standard"
      >
        <div
          class="FieldMessage__content"
        >
          <div
            class="height__standardText"
          />
          <div />
        </div>
      </div>
    </div>
  </div>
</div>
`;

exports[`Checkbox Theme: jobStreet With message 1`] = `
<div
  class="Box__root borderColor__standard"
>
  <input
    aria-describedby="id-message"
    checked=""
    class="Checkbox__realCheckbox"
    id="id"
    type="checkbox"
  />
  <div
    class="Checkbox__content"
  >
    <label
      class="Checkbox__label Box__root borderColor__standard"
      for="id"
      style="min-height: 44px;"
    >
      <div
        class="Checkbox__checkboxContainer Box__root borderColor__standard marginRight__small"
        style="width: 24px; height: 24px; margin-top: 10px;"
      >
        <div
          class="Checkbox__checkbox borderRadius__standard Box__root backgroundColor__input borderColor__standard borderWidth__standard"
        />
        <div
          class="Checkbox__checkbox Checkbox__checkboxHover borderRadius__standard Box__root backgroundColor__input borderColor__formAccent borderWidth__standard"
        />
        <div
          class="Checkbox__checkbox Checkbox__checkboxFocus boxShadow__focus borderRadius__standard transition__fast Box__root backgroundColor__input borderColor__standard"
        />
        <div
          class="Checkbox__checkbox Checkbox__checkboxChecked backgroundColor__formAccent borderRadius__standard transition__fast Box__root backgroundColor__input borderColor__formAccent borderWidth__standard"
        />
        <div
          class="Checkbox__checkbox Checkbox__checkboxDisabled borderRadius__standard transition__fast Box__root backgroundColor__inputDisabled borderColor__standard borderWidth__standard"
        />
        <div
          class="Checkbox__checkbox Checkbox__checkboxCritical borderRadius__standard transition__fast Box__root borderColor__critical borderWidth__standard"
          style="opacity: 1;"
        />
        <div
          class="Checkbox__checkboxIcon transition__fast Box__root borderColor__standard"
        >
          <svg
            class="fill__white Icon__fillSize Box__root borderColor__standard"
            height="16"
            viewBox="90.471 302.809 823 823"
            width="16"
          >
            <path
              d="M365.407 1022.185L90.677 747.457l67.883-67.882L365.406 886.42l479.977-479.988 67.883 67.882"
            />
          </svg>
        </div>
      </div>
      <div
        class="Text__block fontFamily__text color__neutral fontSize__interaction fontWeight__strong Box__root borderColor__standard"
      >
        Label
      </div>
    </label>
    <div
      class="Box__root borderColor__standard paddingRight__none paddingLeft__none"
    >
      <div
        class="Checkbox__children Box__root borderColor__standard paddingBottom__small paddingLeft__small"
        style="margin-left: 24px;"
      >
        Children
      </div>
    </div>
  </div>
  <div
    class="Box__root borderColor__standard paddingRight__none paddingLeft__none"
  >
    <div
      class="Box__root borderColor__standard paddingBottom__small"
      id="id-message"
      tabindex="-1"
    >
      <div
        class="Text__block fontFamily__text color__critical fontSize__standard fontWeight__regular transform__standardText Box__root borderColor__standard"
      >
        <div
          class="FieldMessage__content"
        >
          <div
            class="height__standardText"
          />
          <div
            class="FieldMessage__icon Box__root borderColor__standard paddingRight__xsmall"
          >
            <svg
              class="width__standardText height__standardText fill__critical Box__root borderColor__standard"
              height="16"
              viewBox="0 0 512 512"
              width="16"
            >
              <path
                d="M489.308 156.341c-12.902-30.484-31.355-57.856-54.861-81.357-23.512-23.501-50.883-41.959-81.377-54.855-31.575-13.353-65.106-20.122-99.65-20.122s-68.066 6.769-99.635 20.122c-30.484 12.902-57.856 31.35-81.357 54.851-23.511 23.501-41.968 50.877-54.865 81.357-13.342 31.575-20.122 65.111-20.122 99.656 0 34.56 6.774 68.080 20.122 99.656 12.902 30.485 31.36 57.856 54.861 81.367s50.877 41.959 81.357 54.856c31.575 13.348 65.096 20.122 99.635 20.122 34.56 0 68.081-6.759 99.656-20.122 30.485-12.902 57.856-31.35 81.372-54.856 23.5-23.5 41.964-50.883 54.861-81.367 13.368-31.58 20.137-65.106 20.137-99.661 0-34.544-6.774-68.076-20.132-99.645zM232.99 371.167h41.334c3.687 0 6.687 2.995 6.687 6.692v41.063c0 3.702-2.995 6.697-6.692 6.697h-41.339c-3.696 0-6.692-2.995-6.692-6.692v-41.063c0-3.702 2.99-6.697 6.686-6.697zM226.304 312.051v-219.587c0-3.697 2.99-6.692 6.686-6.692h41.063c3.707 0 6.707 3 6.707 6.697v219.587c0 3.697-3 6.692-6.707 6.692h-41.063c-3.696 0-6.692-3-6.692-6.692z"
              />
            </svg>
          </div>
          <div>
            Message
          </div>
        </div>
      </div>
    </div>
  </div>
</div>
`;

exports[`Checkbox Theme: seekAnz Checked 1`] = `
<div
  class="Box__root borderColor__standard"
>
  <input
    aria-describedby="id-message"
    checked=""
    class="Checkbox__realCheckbox"
    id="id"
    type="checkbox"
  />
  <div
    class="Checkbox__content"
  >
    <label
      class="Checkbox__label Box__root borderColor__standard"
      for="id"
      style="min-height: 48px;"
    >
      <div
        class="Checkbox__checkboxContainer Box__root borderColor__standard marginRight__small"
        style="width: 30px; height: 30px; margin-top: 9px;"
      >
        <div
          class="Checkbox__checkbox borderRadius__standard Box__root backgroundColor__input borderColor__standard borderWidth__standard"
        />
        <div
          class="Checkbox__checkbox Checkbox__checkboxHover borderRadius__standard Box__root backgroundColor__input borderColor__formAccent borderWidth__standard"
        />
        <div
          class="Checkbox__checkbox Checkbox__checkboxFocus boxShadow__focus borderRadius__standard transition__fast Box__root backgroundColor__input borderColor__standard"
        />
        <div
          class="Checkbox__checkbox Checkbox__checkboxChecked backgroundColor__formAccent borderRadius__standard transition__fast Box__root backgroundColor__input borderColor__formAccent borderWidth__standard"
        />
        <div
          class="Checkbox__checkbox Checkbox__checkboxDisabled borderRadius__standard transition__fast Box__root backgroundColor__inputDisabled borderColor__standard borderWidth__standard"
        />
        <div
          class="Checkbox__checkbox Checkbox__checkboxCritical borderRadius__standard transition__fast Box__root borderColor__critical borderWidth__standard"
          style="opacity: 0;"
        />
        <div
          class="Checkbox__checkboxIcon transition__fast Box__root borderColor__standard"
        >
          <svg
            class="fill__white Icon__fillSize Box__root borderColor__standard"
            height="16"
            viewBox="90.471 302.809 823 823"
            width="16"
          >
            <path
              d="M365.407 1022.185L90.677 747.457l67.883-67.882L365.406 886.42l479.977-479.988 67.883 67.882"
            />
          </svg>
        </div>
      </div>
      <div
        class="Text__block fontFamily__text color__neutral fontSize__interaction fontWeight__regular Box__root borderColor__standard"
      >
        Label
      </div>
    </label>
  </div>
  <div
    class="Box__root borderColor__standard paddingRight__none paddingLeft__none"
  >
    <div
      class="Box__root borderColor__standard paddingBottom__small"
      id="id-message"
      tabindex="-1"
    >
      <div
        class="Text__block fontFamily__text color__neutral fontSize__standard fontWeight__regular transform__standardText Box__root borderColor__standard"
      >
        <div
          class="FieldMessage__content"
        >
          <div
            class="height__standardText"
          />
          <div />
        </div>
      </div>
    </div>
  </div>
</div>
`;

exports[`Checkbox Theme: seekAnz Children when checked 1`] = `
<div
  class="Box__root borderColor__standard"
>
  <input
    aria-describedby="id-message"
    checked=""
    class="Checkbox__realCheckbox"
    id="id"
    type="checkbox"
  />
  <div
    class="Checkbox__content"
  >
    <label
      class="Checkbox__label Box__root borderColor__standard"
      for="id"
      style="min-height: 48px;"
    >
      <div
        class="Checkbox__checkboxContainer Box__root borderColor__standard marginRight__small"
        style="width: 30px; height: 30px; margin-top: 9px;"
      >
        <div
          class="Checkbox__checkbox borderRadius__standard Box__root backgroundColor__input borderColor__standard borderWidth__standard"
        />
        <div
          class="Checkbox__checkbox Checkbox__checkboxHover borderRadius__standard Box__root backgroundColor__input borderColor__formAccent borderWidth__standard"
        />
        <div
          class="Checkbox__checkbox Checkbox__checkboxFocus boxShadow__focus borderRadius__standard transition__fast Box__root backgroundColor__input borderColor__standard"
        />
        <div
          class="Checkbox__checkbox Checkbox__checkboxChecked backgroundColor__formAccent borderRadius__standard transition__fast Box__root backgroundColor__input borderColor__formAccent borderWidth__standard"
        />
        <div
          class="Checkbox__checkbox Checkbox__checkboxDisabled borderRadius__standard transition__fast Box__root backgroundColor__inputDisabled borderColor__standard borderWidth__standard"
        />
        <div
          class="Checkbox__checkbox Checkbox__checkboxCritical borderRadius__standard transition__fast Box__root borderColor__critical borderWidth__standard"
          style="opacity: 0;"
        />
        <div
          class="Checkbox__checkboxIcon transition__fast Box__root borderColor__standard"
        >
          <svg
            class="fill__white Icon__fillSize Box__root borderColor__standard"
            height="16"
            viewBox="90.471 302.809 823 823"
            width="16"
          >
            <path
              d="M365.407 1022.185L90.677 747.457l67.883-67.882L365.406 886.42l479.977-479.988 67.883 67.882"
            />
          </svg>
        </div>
      </div>
      <div
        class="Text__block fontFamily__text color__neutral fontSize__interaction fontWeight__strong Box__root borderColor__standard"
      >
        Label
      </div>
    </label>
    <div
      class="Box__root borderColor__standard paddingRight__none paddingLeft__none"
    >
      <div
        class="Checkbox__children Box__root borderColor__standard paddingBottom__small paddingLeft__small"
        style="margin-left: 30px;"
      >
        Children
      </div>
    </div>
  </div>
  <div
    class="Box__root borderColor__standard paddingRight__none paddingLeft__none"
  >
    <div
      class="Box__root borderColor__standard paddingBottom__small"
      id="id-message"
      tabindex="-1"
    >
      <div
        class="Text__block fontFamily__text color__neutral fontSize__standard fontWeight__regular transform__standardText Box__root borderColor__standard"
      >
        <div
          class="FieldMessage__content"
        >
          <div
            class="height__standardText"
          />
          <div />
        </div>
      </div>
    </div>
  </div>
</div>
`;

exports[`Checkbox Theme: seekAnz Children when unchecked 1`] = `
<div
  class="Box__root borderColor__standard"
>
  <input
    aria-describedby="id-message"
    class="Checkbox__realCheckbox"
    id="id"
    type="checkbox"
  />
  <div
    class="Checkbox__content"
  >
    <label
      class="Checkbox__label Box__root borderColor__standard"
      for="id"
      style="min-height: 48px;"
    >
      <div
        class="Checkbox__checkboxContainer Box__root borderColor__standard marginRight__small"
        style="width: 30px; height: 30px; margin-top: 9px;"
      >
        <div
          class="Checkbox__checkbox borderRadius__standard Box__root backgroundColor__input borderColor__standard borderWidth__standard"
        />
        <div
          class="Checkbox__checkbox Checkbox__checkboxHover borderRadius__standard Box__root backgroundColor__input borderColor__formAccent borderWidth__standard"
        />
        <div
          class="Checkbox__checkbox Checkbox__checkboxFocus boxShadow__focus borderRadius__standard transition__fast Box__root backgroundColor__input borderColor__standard"
        />
        <div
          class="Checkbox__checkbox Checkbox__checkboxChecked backgroundColor__formAccent borderRadius__standard transition__fast Box__root backgroundColor__input borderColor__formAccent borderWidth__standard"
        />
        <div
          class="Checkbox__checkbox Checkbox__checkboxDisabled borderRadius__standard transition__fast Box__root backgroundColor__inputDisabled borderColor__standard borderWidth__standard"
        />
        <div
          class="Checkbox__checkbox Checkbox__checkboxCritical borderRadius__standard transition__fast Box__root borderColor__critical borderWidth__standard"
          style="opacity: 0;"
        />
        <div
          class="Checkbox__checkboxIcon transition__fast Box__root borderColor__standard"
        >
          <svg
            class="fill__white Icon__fillSize Box__root borderColor__standard"
            height="16"
            viewBox="90.471 302.809 823 823"
            width="16"
          >
            <path
              d="M365.407 1022.185L90.677 747.457l67.883-67.882L365.406 886.42l479.977-479.988 67.883 67.882"
            />
          </svg>
        </div>
      </div>
      <div
        class="Text__block fontFamily__text color__neutral fontSize__interaction fontWeight__regular Box__root borderColor__standard"
      >
        Label
      </div>
    </label>
    <div
      class="Box__root borderColor__standard paddingRight__none paddingLeft__none"
    >
      <div
        class="Checkbox__children Box__root borderColor__standard paddingBottom__small paddingLeft__small"
        style="margin-left: 30px;"
      >
        Children
      </div>
    </div>
  </div>
  <div
    class="Box__root borderColor__standard paddingRight__none paddingLeft__none"
  >
    <div
      class="Box__root borderColor__standard paddingBottom__small"
      id="id-message"
      tabindex="-1"
    >
      <div
        class="Text__block fontFamily__text color__neutral fontSize__standard fontWeight__regular transform__standardText Box__root borderColor__standard"
      >
        <div
          class="FieldMessage__content"
        >
          <div
            class="height__standardText"
          />
          <div />
        </div>
      </div>
    </div>
  </div>
</div>
`;

exports[`Checkbox Theme: seekAnz Unchecked 1`] = `
<div
  class="Box__root borderColor__standard"
>
  <input
    aria-describedby="id-message"
    class="Checkbox__realCheckbox"
    id="id"
    type="checkbox"
  />
  <div
    class="Checkbox__content"
  >
    <label
      class="Checkbox__label Box__root borderColor__standard"
      for="id"
      style="min-height: 48px;"
    >
      <div
        class="Checkbox__checkboxContainer Box__root borderColor__standard marginRight__small"
        style="width: 30px; height: 30px; margin-top: 9px;"
      >
        <div
          class="Checkbox__checkbox borderRadius__standard Box__root backgroundColor__input borderColor__standard borderWidth__standard"
        />
        <div
          class="Checkbox__checkbox Checkbox__checkboxHover borderRadius__standard Box__root backgroundColor__input borderColor__formAccent borderWidth__standard"
        />
        <div
          class="Checkbox__checkbox Checkbox__checkboxFocus boxShadow__focus borderRadius__standard transition__fast Box__root backgroundColor__input borderColor__standard"
        />
        <div
          class="Checkbox__checkbox Checkbox__checkboxChecked backgroundColor__formAccent borderRadius__standard transition__fast Box__root backgroundColor__input borderColor__formAccent borderWidth__standard"
        />
        <div
          class="Checkbox__checkbox Checkbox__checkboxDisabled borderRadius__standard transition__fast Box__root backgroundColor__inputDisabled borderColor__standard borderWidth__standard"
        />
        <div
          class="Checkbox__checkbox Checkbox__checkboxCritical borderRadius__standard transition__fast Box__root borderColor__critical borderWidth__standard"
          style="opacity: 0;"
        />
        <div
          class="Checkbox__checkboxIcon transition__fast Box__root borderColor__standard"
        >
          <svg
            class="fill__white Icon__fillSize Box__root borderColor__standard"
            height="16"
            viewBox="90.471 302.809 823 823"
            width="16"
          >
            <path
              d="M365.407 1022.185L90.677 747.457l67.883-67.882L365.406 886.42l479.977-479.988 67.883 67.882"
            />
          </svg>
        </div>
      </div>
      <div
        class="Text__block fontFamily__text color__neutral fontSize__interaction fontWeight__regular Box__root borderColor__standard"
      >
        Label
      </div>
    </label>
  </div>
  <div
    class="Box__root borderColor__standard paddingRight__none paddingLeft__none"
  >
    <div
      class="Box__root borderColor__standard paddingBottom__small"
      id="id-message"
      tabindex="-1"
    >
      <div
        class="Text__block fontFamily__text color__neutral fontSize__standard fontWeight__regular transform__standardText Box__root borderColor__standard"
      >
        <div
          class="FieldMessage__content"
        >
          <div
            class="height__standardText"
          />
          <div />
        </div>
      </div>
    </div>
  </div>
</div>
`;

exports[`Checkbox Theme: seekAnz With message 1`] = `
<div
  class="Box__root borderColor__standard"
>
  <input
    aria-describedby="id-message"
    checked=""
    class="Checkbox__realCheckbox"
    id="id"
    type="checkbox"
  />
  <div
    class="Checkbox__content"
  >
    <label
      class="Checkbox__label Box__root borderColor__standard"
      for="id"
      style="min-height: 48px;"
    >
      <div
        class="Checkbox__checkboxContainer Box__root borderColor__standard marginRight__small"
        style="width: 30px; height: 30px; margin-top: 9px;"
      >
        <div
          class="Checkbox__checkbox borderRadius__standard Box__root backgroundColor__input borderColor__standard borderWidth__standard"
        />
        <div
          class="Checkbox__checkbox Checkbox__checkboxHover borderRadius__standard Box__root backgroundColor__input borderColor__formAccent borderWidth__standard"
        />
        <div
          class="Checkbox__checkbox Checkbox__checkboxFocus boxShadow__focus borderRadius__standard transition__fast Box__root backgroundColor__input borderColor__standard"
        />
        <div
          class="Checkbox__checkbox Checkbox__checkboxChecked backgroundColor__formAccent borderRadius__standard transition__fast Box__root backgroundColor__input borderColor__formAccent borderWidth__standard"
        />
        <div
          class="Checkbox__checkbox Checkbox__checkboxDisabled borderRadius__standard transition__fast Box__root backgroundColor__inputDisabled borderColor__standard borderWidth__standard"
        />
        <div
          class="Checkbox__checkbox Checkbox__checkboxCritical borderRadius__standard transition__fast Box__root borderColor__critical borderWidth__standard"
          style="opacity: 1;"
        />
        <div
          class="Checkbox__checkboxIcon transition__fast Box__root borderColor__standard"
        >
          <svg
            class="fill__white Icon__fillSize Box__root borderColor__standard"
            height="16"
            viewBox="90.471 302.809 823 823"
            width="16"
          >
            <path
              d="M365.407 1022.185L90.677 747.457l67.883-67.882L365.406 886.42l479.977-479.988 67.883 67.882"
            />
          </svg>
        </div>
      </div>
      <div
        class="Text__block fontFamily__text color__neutral fontSize__interaction fontWeight__strong Box__root borderColor__standard"
      >
        Label
      </div>
    </label>
    <div
      class="Box__root borderColor__standard paddingRight__none paddingLeft__none"
    >
      <div
        class="Checkbox__children Box__root borderColor__standard paddingBottom__small paddingLeft__small"
        style="margin-left: 30px;"
      >
        Children
      </div>
    </div>
  </div>
  <div
    class="Box__root borderColor__standard paddingRight__none paddingLeft__none"
  >
    <div
      class="Box__root borderColor__standard paddingBottom__small"
      id="id-message"
      tabindex="-1"
    >
      <div
        class="Text__block fontFamily__text color__critical fontSize__standard fontWeight__regular transform__standardText Box__root borderColor__standard"
      >
        <div
          class="FieldMessage__content"
        >
          <div
            class="height__standardText"
          />
          <div
            class="FieldMessage__icon Box__root borderColor__standard paddingRight__xsmall"
          >
            <svg
              class="width__standardText height__standardText fill__critical Box__root borderColor__standard"
              height="16"
              viewBox="0 0 512 512"
              width="16"
            >
              <path
                d="M489.308 156.341c-12.902-30.484-31.355-57.856-54.861-81.357-23.512-23.501-50.883-41.959-81.377-54.855-31.575-13.353-65.106-20.122-99.65-20.122s-68.066 6.769-99.635 20.122c-30.484 12.902-57.856 31.35-81.357 54.851-23.511 23.501-41.968 50.877-54.865 81.357-13.342 31.575-20.122 65.111-20.122 99.656 0 34.56 6.774 68.080 20.122 99.656 12.902 30.485 31.36 57.856 54.861 81.367s50.877 41.959 81.357 54.856c31.575 13.348 65.096 20.122 99.635 20.122 34.56 0 68.081-6.759 99.656-20.122 30.485-12.902 57.856-31.35 81.372-54.856 23.5-23.5 41.964-50.883 54.861-81.367 13.368-31.58 20.137-65.106 20.137-99.661 0-34.544-6.774-68.076-20.132-99.645zM232.99 371.167h41.334c3.687 0 6.687 2.995 6.687 6.692v41.063c0 3.702-2.995 6.697-6.692 6.697h-41.339c-3.696 0-6.692-2.995-6.692-6.692v-41.063c0-3.702 2.99-6.697 6.686-6.697zM226.304 312.051v-219.587c0-3.697 2.99-6.692 6.686-6.692h41.063c3.707 0 6.707 3 6.707 6.697v219.587c0 3.697-3 6.692-6.707 6.692h-41.063c-3.696 0-6.692-3-6.692-6.692z"
              />
            </svg>
          </div>
          <div>
            Message
          </div>
        </div>
      </div>
    </div>
  </div>
</div>
`;

exports[`Checkbox Theme: seekAsia Checked 1`] = `
<div
  class="Box__root borderColor__standard"
>
  <input
    aria-describedby="id-message"
    checked=""
    class="Checkbox__realCheckbox"
    id="id"
    type="checkbox"
  />
  <div
    class="Checkbox__content"
  >
    <label
      class="Checkbox__label Box__root borderColor__standard"
      for="id"
      style="min-height: 44px;"
    >
      <div
        class="Checkbox__checkboxContainer Box__root borderColor__standard marginRight__small"
        style="width: 24px; height: 24px; margin-top: 10px;"
      >
        <div
          class="Checkbox__checkbox borderRadius__standard Box__root backgroundColor__input borderColor__standard borderWidth__standard"
        />
        <div
          class="Checkbox__checkbox Checkbox__checkboxHover borderRadius__standard Box__root backgroundColor__input borderColor__formAccent borderWidth__standard"
        />
        <div
          class="Checkbox__checkbox Checkbox__checkboxFocus boxShadow__focus borderRadius__standard transition__fast Box__root backgroundColor__input borderColor__standard"
        />
        <div
          class="Checkbox__checkbox Checkbox__checkboxChecked backgroundColor__formAccent borderRadius__standard transition__fast Box__root backgroundColor__input borderColor__formAccent borderWidth__standard"
        />
        <div
          class="Checkbox__checkbox Checkbox__checkboxDisabled borderRadius__standard transition__fast Box__root backgroundColor__inputDisabled borderColor__standard borderWidth__standard"
        />
        <div
          class="Checkbox__checkbox Checkbox__checkboxCritical borderRadius__standard transition__fast Box__root borderColor__critical borderWidth__standard"
          style="opacity: 0;"
        />
        <div
          class="Checkbox__checkboxIcon transition__fast Box__root borderColor__standard"
        >
          <svg
            class="fill__white Icon__fillSize Box__root borderColor__standard"
            height="16"
            viewBox="90.471 302.809 823 823"
            width="16"
          >
            <path
              d="M365.407 1022.185L90.677 747.457l67.883-67.882L365.406 886.42l479.977-479.988 67.883 67.882"
            />
          </svg>
        </div>
      </div>
      <div
        class="Text__block fontFamily__text color__neutral fontSize__interaction fontWeight__regular Box__root borderColor__standard"
      >
        Label
      </div>
    </label>
  </div>
  <div
    class="Box__root borderColor__standard paddingRight__none paddingLeft__none"
  >
    <div
      class="Box__root borderColor__standard paddingBottom__small"
      id="id-message"
      tabindex="-1"
    >
      <div
        class="Text__block fontFamily__text color__neutral fontSize__standard fontWeight__regular transform__standardText Box__root borderColor__standard"
      >
        <div
          class="FieldMessage__content"
        >
          <div
            class="height__standardText"
          />
          <div />
        </div>
      </div>
    </div>
  </div>
</div>
`;

exports[`Checkbox Theme: seekAsia Children when checked 1`] = `
<div
  class="Box__root borderColor__standard"
>
  <input
    aria-describedby="id-message"
    checked=""
    class="Checkbox__realCheckbox"
    id="id"
    type="checkbox"
  />
  <div
    class="Checkbox__content"
  >
    <label
      class="Checkbox__label Box__root borderColor__standard"
      for="id"
      style="min-height: 44px;"
    >
      <div
        class="Checkbox__checkboxContainer Box__root borderColor__standard marginRight__small"
        style="width: 24px; height: 24px; margin-top: 10px;"
      >
        <div
          class="Checkbox__checkbox borderRadius__standard Box__root backgroundColor__input borderColor__standard borderWidth__standard"
        />
        <div
          class="Checkbox__checkbox Checkbox__checkboxHover borderRadius__standard Box__root backgroundColor__input borderColor__formAccent borderWidth__standard"
        />
        <div
          class="Checkbox__checkbox Checkbox__checkboxFocus boxShadow__focus borderRadius__standard transition__fast Box__root backgroundColor__input borderColor__standard"
        />
        <div
          class="Checkbox__checkbox Checkbox__checkboxChecked backgroundColor__formAccent borderRadius__standard transition__fast Box__root backgroundColor__input borderColor__formAccent borderWidth__standard"
        />
        <div
          class="Checkbox__checkbox Checkbox__checkboxDisabled borderRadius__standard transition__fast Box__root backgroundColor__inputDisabled borderColor__standard borderWidth__standard"
        />
        <div
          class="Checkbox__checkbox Checkbox__checkboxCritical borderRadius__standard transition__fast Box__root borderColor__critical borderWidth__standard"
          style="opacity: 0;"
        />
        <div
          class="Checkbox__checkboxIcon transition__fast Box__root borderColor__standard"
        >
          <svg
            class="fill__white Icon__fillSize Box__root borderColor__standard"
            height="16"
            viewBox="90.471 302.809 823 823"
            width="16"
          >
            <path
              d="M365.407 1022.185L90.677 747.457l67.883-67.882L365.406 886.42l479.977-479.988 67.883 67.882"
            />
          </svg>
        </div>
      </div>
      <div
        class="Text__block fontFamily__text color__neutral fontSize__interaction fontWeight__strong Box__root borderColor__standard"
      >
        Label
      </div>
    </label>
    <div
      class="Box__root borderColor__standard paddingRight__none paddingLeft__none"
    >
      <div
        class="Checkbox__children Box__root borderColor__standard paddingBottom__small paddingLeft__small"
        style="margin-left: 24px;"
      >
        Children
      </div>
    </div>
  </div>
  <div
    class="Box__root borderColor__standard paddingRight__none paddingLeft__none"
  >
    <div
      class="Box__root borderColor__standard paddingBottom__small"
      id="id-message"
      tabindex="-1"
    >
      <div
        class="Text__block fontFamily__text color__neutral fontSize__standard fontWeight__regular transform__standardText Box__root borderColor__standard"
      >
        <div
          class="FieldMessage__content"
        >
          <div
            class="height__standardText"
          />
          <div />
        </div>
      </div>
    </div>
  </div>
</div>
`;

exports[`Checkbox Theme: seekAsia Children when unchecked 1`] = `
<div
  class="Box__root borderColor__standard"
>
  <input
    aria-describedby="id-message"
    class="Checkbox__realCheckbox"
    id="id"
    type="checkbox"
  />
  <div
    class="Checkbox__content"
  >
    <label
      class="Checkbox__label Box__root borderColor__standard"
      for="id"
      style="min-height: 44px;"
    >
      <div
        class="Checkbox__checkboxContainer Box__root borderColor__standard marginRight__small"
        style="width: 24px; height: 24px; margin-top: 10px;"
      >
        <div
          class="Checkbox__checkbox borderRadius__standard Box__root backgroundColor__input borderColor__standard borderWidth__standard"
        />
        <div
          class="Checkbox__checkbox Checkbox__checkboxHover borderRadius__standard Box__root backgroundColor__input borderColor__formAccent borderWidth__standard"
        />
        <div
          class="Checkbox__checkbox Checkbox__checkboxFocus boxShadow__focus borderRadius__standard transition__fast Box__root backgroundColor__input borderColor__standard"
        />
        <div
          class="Checkbox__checkbox Checkbox__checkboxChecked backgroundColor__formAccent borderRadius__standard transition__fast Box__root backgroundColor__input borderColor__formAccent borderWidth__standard"
        />
        <div
          class="Checkbox__checkbox Checkbox__checkboxDisabled borderRadius__standard transition__fast Box__root backgroundColor__inputDisabled borderColor__standard borderWidth__standard"
        />
        <div
          class="Checkbox__checkbox Checkbox__checkboxCritical borderRadius__standard transition__fast Box__root borderColor__critical borderWidth__standard"
          style="opacity: 0;"
        />
        <div
          class="Checkbox__checkboxIcon transition__fast Box__root borderColor__standard"
        >
          <svg
            class="fill__white Icon__fillSize Box__root borderColor__standard"
            height="16"
            viewBox="90.471 302.809 823 823"
            width="16"
          >
            <path
              d="M365.407 1022.185L90.677 747.457l67.883-67.882L365.406 886.42l479.977-479.988 67.883 67.882"
            />
          </svg>
        </div>
      </div>
      <div
        class="Text__block fontFamily__text color__neutral fontSize__interaction fontWeight__regular Box__root borderColor__standard"
      >
        Label
      </div>
    </label>
    <div
      class="Box__root borderColor__standard paddingRight__none paddingLeft__none"
    >
      <div
        class="Checkbox__children Box__root borderColor__standard paddingBottom__small paddingLeft__small"
        style="margin-left: 24px;"
      >
        Children
      </div>
    </div>
  </div>
  <div
    class="Box__root borderColor__standard paddingRight__none paddingLeft__none"
  >
    <div
      class="Box__root borderColor__standard paddingBottom__small"
      id="id-message"
      tabindex="-1"
    >
      <div
        class="Text__block fontFamily__text color__neutral fontSize__standard fontWeight__regular transform__standardText Box__root borderColor__standard"
      >
        <div
          class="FieldMessage__content"
        >
          <div
            class="height__standardText"
          />
          <div />
        </div>
      </div>
    </div>
  </div>
</div>
`;

exports[`Checkbox Theme: seekAsia Unchecked 1`] = `
<div
  class="Box__root borderColor__standard"
>
  <input
    aria-describedby="id-message"
    class="Checkbox__realCheckbox"
    id="id"
    type="checkbox"
  />
  <div
    class="Checkbox__content"
  >
    <label
      class="Checkbox__label Box__root borderColor__standard"
      for="id"
      style="min-height: 44px;"
    >
      <div
        class="Checkbox__checkboxContainer Box__root borderColor__standard marginRight__small"
        style="width: 24px; height: 24px; margin-top: 10px;"
      >
        <div
          class="Checkbox__checkbox borderRadius__standard Box__root backgroundColor__input borderColor__standard borderWidth__standard"
        />
        <div
          class="Checkbox__checkbox Checkbox__checkboxHover borderRadius__standard Box__root backgroundColor__input borderColor__formAccent borderWidth__standard"
        />
        <div
          class="Checkbox__checkbox Checkbox__checkboxFocus boxShadow__focus borderRadius__standard transition__fast Box__root backgroundColor__input borderColor__standard"
        />
        <div
          class="Checkbox__checkbox Checkbox__checkboxChecked backgroundColor__formAccent borderRadius__standard transition__fast Box__root backgroundColor__input borderColor__formAccent borderWidth__standard"
        />
        <div
          class="Checkbox__checkbox Checkbox__checkboxDisabled borderRadius__standard transition__fast Box__root backgroundColor__inputDisabled borderColor__standard borderWidth__standard"
        />
        <div
          class="Checkbox__checkbox Checkbox__checkboxCritical borderRadius__standard transition__fast Box__root borderColor__critical borderWidth__standard"
          style="opacity: 0;"
        />
        <div
          class="Checkbox__checkboxIcon transition__fast Box__root borderColor__standard"
        >
          <svg
            class="fill__white Icon__fillSize Box__root borderColor__standard"
            height="16"
            viewBox="90.471 302.809 823 823"
            width="16"
          >
            <path
              d="M365.407 1022.185L90.677 747.457l67.883-67.882L365.406 886.42l479.977-479.988 67.883 67.882"
            />
          </svg>
        </div>
      </div>
      <div
        class="Text__block fontFamily__text color__neutral fontSize__interaction fontWeight__regular Box__root borderColor__standard"
      >
        Label
      </div>
    </label>
  </div>
  <div
    class="Box__root borderColor__standard paddingRight__none paddingLeft__none"
  >
    <div
      class="Box__root borderColor__standard paddingBottom__small"
      id="id-message"
      tabindex="-1"
    >
      <div
        class="Text__block fontFamily__text color__neutral fontSize__standard fontWeight__regular transform__standardText Box__root borderColor__standard"
      >
        <div
          class="FieldMessage__content"
        >
          <div
            class="height__standardText"
          />
          <div />
        </div>
      </div>
    </div>
  </div>
</div>
`;

exports[`Checkbox Theme: seekAsia With message 1`] = `
<div
  class="Box__root borderColor__standard"
>
  <input
    aria-describedby="id-message"
    checked=""
    class="Checkbox__realCheckbox"
    id="id"
    type="checkbox"
  />
  <div
    class="Checkbox__content"
  >
    <label
      class="Checkbox__label Box__root borderColor__standard"
      for="id"
      style="min-height: 44px;"
    >
      <div
        class="Checkbox__checkboxContainer Box__root borderColor__standard marginRight__small"
        style="width: 24px; height: 24px; margin-top: 10px;"
      >
        <div
          class="Checkbox__checkbox borderRadius__standard Box__root backgroundColor__input borderColor__standard borderWidth__standard"
        />
        <div
          class="Checkbox__checkbox Checkbox__checkboxHover borderRadius__standard Box__root backgroundColor__input borderColor__formAccent borderWidth__standard"
        />
        <div
          class="Checkbox__checkbox Checkbox__checkboxFocus boxShadow__focus borderRadius__standard transition__fast Box__root backgroundColor__input borderColor__standard"
        />
        <div
          class="Checkbox__checkbox Checkbox__checkboxChecked backgroundColor__formAccent borderRadius__standard transition__fast Box__root backgroundColor__input borderColor__formAccent borderWidth__standard"
        />
        <div
          class="Checkbox__checkbox Checkbox__checkboxDisabled borderRadius__standard transition__fast Box__root backgroundColor__inputDisabled borderColor__standard borderWidth__standard"
        />
        <div
          class="Checkbox__checkbox Checkbox__checkboxCritical borderRadius__standard transition__fast Box__root borderColor__critical borderWidth__standard"
          style="opacity: 1;"
        />
        <div
          class="Checkbox__checkboxIcon transition__fast Box__root borderColor__standard"
        >
          <svg
            class="fill__white Icon__fillSize Box__root borderColor__standard"
            height="16"
            viewBox="90.471 302.809 823 823"
            width="16"
          >
            <path
              d="M365.407 1022.185L90.677 747.457l67.883-67.882L365.406 886.42l479.977-479.988 67.883 67.882"
            />
          </svg>
        </div>
      </div>
      <div
        class="Text__block fontFamily__text color__neutral fontSize__interaction fontWeight__strong Box__root borderColor__standard"
      >
        Label
      </div>
    </label>
    <div
      class="Box__root borderColor__standard paddingRight__none paddingLeft__none"
    >
      <div
        class="Checkbox__children Box__root borderColor__standard paddingBottom__small paddingLeft__small"
        style="margin-left: 24px;"
      >
        Children
      </div>
    </div>
  </div>
  <div
    class="Box__root borderColor__standard paddingRight__none paddingLeft__none"
  >
    <div
      class="Box__root borderColor__standard paddingBottom__small"
      id="id-message"
      tabindex="-1"
    >
      <div
        class="Text__block fontFamily__text color__critical fontSize__standard fontWeight__regular transform__standardText Box__root borderColor__standard"
      >
        <div
          class="FieldMessage__content"
        >
          <div
            class="height__standardText"
          />
          <div
            class="FieldMessage__icon Box__root borderColor__standard paddingRight__xsmall"
          >
            <svg
              class="width__standardText height__standardText fill__critical Box__root borderColor__standard"
              height="16"
              viewBox="0 0 512 512"
              width="16"
            >
              <path
                d="M489.308 156.341c-12.902-30.484-31.355-57.856-54.861-81.357-23.512-23.501-50.883-41.959-81.377-54.855-31.575-13.353-65.106-20.122-99.65-20.122s-68.066 6.769-99.635 20.122c-30.484 12.902-57.856 31.35-81.357 54.851-23.511 23.501-41.968 50.877-54.865 81.357-13.342 31.575-20.122 65.111-20.122 99.656 0 34.56 6.774 68.080 20.122 99.656 12.902 30.485 31.36 57.856 54.861 81.367s50.877 41.959 81.357 54.856c31.575 13.348 65.096 20.122 99.635 20.122 34.56 0 68.081-6.759 99.656-20.122 30.485-12.902 57.856-31.35 81.372-54.856 23.5-23.5 41.964-50.883 54.861-81.367 13.368-31.58 20.137-65.106 20.137-99.661 0-34.544-6.774-68.076-20.132-99.645zM232.99 371.167h41.334c3.687 0 6.687 2.995 6.687 6.692v41.063c0 3.702-2.995 6.697-6.692 6.697h-41.339c-3.696 0-6.692-2.995-6.692-6.692v-41.063c0-3.702 2.99-6.697 6.686-6.697zM226.304 312.051v-219.587c0-3.697 2.99-6.692 6.686-6.692h41.063c3.707 0 6.707 3 6.707 6.697v219.587c0 3.697-3 6.692-6.707 6.692h-41.063c-3.696 0-6.692-3-6.692-6.692z"
              />
            </svg>
          </div>
          <div>
            Message
          </div>
        </div>
      </div>
    </div>
  </div>
</div>
`;

exports[`Checkbox Theme: wireframe Checked 1`] = `
<div
  class="Box__root borderColor__standard"
>
  <input
    aria-describedby="id-message"
    checked=""
    class="Checkbox__realCheckbox"
    id="id"
    type="checkbox"
  />
  <div
    class="Checkbox__content"
  >
    <label
      class="Checkbox__label Box__root borderColor__standard"
      for="id"
      style="min-height: 48px;"
    >
      <div
        class="Checkbox__checkboxContainer Box__root borderColor__standard marginRight__small"
        style="width: 30px; height: 30px; margin-top: 9px;"
      >
        <div
          class="Checkbox__checkbox borderRadius__standard Box__root backgroundColor__input borderColor__standard borderWidth__standard"
        />
        <div
          class="Checkbox__checkbox Checkbox__checkboxHover borderRadius__standard Box__root backgroundColor__input borderColor__formAccent borderWidth__standard"
        />
        <div
          class="Checkbox__checkbox Checkbox__checkboxFocus boxShadow__focus borderRadius__standard transition__fast Box__root backgroundColor__input borderColor__standard"
        />
        <div
          class="Checkbox__checkbox Checkbox__checkboxChecked backgroundColor__formAccent borderRadius__standard transition__fast Box__root backgroundColor__input borderColor__formAccent borderWidth__standard"
        />
        <div
          class="Checkbox__checkbox Checkbox__checkboxDisabled borderRadius__standard transition__fast Box__root backgroundColor__inputDisabled borderColor__standard borderWidth__standard"
        />
        <div
          class="Checkbox__checkbox Checkbox__checkboxCritical borderRadius__standard transition__fast Box__root borderColor__critical borderWidth__standard"
          style="opacity: 0;"
        />
        <div
          class="Checkbox__checkboxIcon transition__fast Box__root borderColor__standard"
        >
          <svg
            class="fill__white Icon__fillSize Box__root borderColor__standard"
            height="16"
            viewBox="90.471 302.809 823 823"
            width="16"
          >
            <path
              d="M365.407 1022.185L90.677 747.457l67.883-67.882L365.406 886.42l479.977-479.988 67.883 67.882"
            />
          </svg>
        </div>
      </div>
      <div
        class="Text__block fontFamily__text color__neutral fontSize__interaction fontWeight__regular Box__root borderColor__standard"
      >
        Label
      </div>
    </label>
  </div>
  <div
    class="Box__root borderColor__standard paddingRight__none paddingLeft__none"
  >
    <div
      class="Box__root borderColor__standard paddingBottom__small"
      id="id-message"
      tabindex="-1"
    >
      <div
        class="Text__block fontFamily__text color__neutral fontSize__standard fontWeight__regular transform__standardText Box__root borderColor__standard"
      >
        <div
          class="FieldMessage__content"
        >
          <div
            class="height__standardText"
          />
          <div />
        </div>
      </div>
    </div>
  </div>
</div>
`;

exports[`Checkbox Theme: wireframe Children when checked 1`] = `
<div
  class="Box__root borderColor__standard"
>
  <input
    aria-describedby="id-message"
    checked=""
    class="Checkbox__realCheckbox"
    id="id"
    type="checkbox"
  />
  <div
    class="Checkbox__content"
  >
    <label
      class="Checkbox__label Box__root borderColor__standard"
      for="id"
      style="min-height: 48px;"
    >
      <div
        class="Checkbox__checkboxContainer Box__root borderColor__standard marginRight__small"
        style="width: 30px; height: 30px; margin-top: 9px;"
      >
        <div
          class="Checkbox__checkbox borderRadius__standard Box__root backgroundColor__input borderColor__standard borderWidth__standard"
        />
        <div
          class="Checkbox__checkbox Checkbox__checkboxHover borderRadius__standard Box__root backgroundColor__input borderColor__formAccent borderWidth__standard"
        />
        <div
          class="Checkbox__checkbox Checkbox__checkboxFocus boxShadow__focus borderRadius__standard transition__fast Box__root backgroundColor__input borderColor__standard"
        />
        <div
          class="Checkbox__checkbox Checkbox__checkboxChecked backgroundColor__formAccent borderRadius__standard transition__fast Box__root backgroundColor__input borderColor__formAccent borderWidth__standard"
        />
        <div
          class="Checkbox__checkbox Checkbox__checkboxDisabled borderRadius__standard transition__fast Box__root backgroundColor__inputDisabled borderColor__standard borderWidth__standard"
        />
        <div
          class="Checkbox__checkbox Checkbox__checkboxCritical borderRadius__standard transition__fast Box__root borderColor__critical borderWidth__standard"
          style="opacity: 0;"
        />
        <div
          class="Checkbox__checkboxIcon transition__fast Box__root borderColor__standard"
        >
          <svg
            class="fill__white Icon__fillSize Box__root borderColor__standard"
            height="16"
            viewBox="90.471 302.809 823 823"
            width="16"
          >
            <path
              d="M365.407 1022.185L90.677 747.457l67.883-67.882L365.406 886.42l479.977-479.988 67.883 67.882"
            />
          </svg>
        </div>
      </div>
      <div
        class="Text__block fontFamily__text color__neutral fontSize__interaction fontWeight__strong Box__root borderColor__standard"
      >
        Label
      </div>
    </label>
    <div
      class="Box__root borderColor__standard paddingRight__none paddingLeft__none"
    >
      <div
        class="Checkbox__children Box__root borderColor__standard paddingBottom__small paddingLeft__small"
        style="margin-left: 30px;"
      >
        Children
      </div>
    </div>
  </div>
  <div
    class="Box__root borderColor__standard paddingRight__none paddingLeft__none"
  >
    <div
      class="Box__root borderColor__standard paddingBottom__small"
      id="id-message"
      tabindex="-1"
    >
      <div
        class="Text__block fontFamily__text color__neutral fontSize__standard fontWeight__regular transform__standardText Box__root borderColor__standard"
      >
        <div
          class="FieldMessage__content"
        >
          <div
            class="height__standardText"
          />
          <div />
        </div>
      </div>
    </div>
  </div>
</div>
`;

exports[`Checkbox Theme: wireframe Children when unchecked 1`] = `
<div
  class="Box__root borderColor__standard"
>
  <input
    aria-describedby="id-message"
    class="Checkbox__realCheckbox"
    id="id"
    type="checkbox"
  />
  <div
    class="Checkbox__content"
  >
    <label
      class="Checkbox__label Box__root borderColor__standard"
      for="id"
      style="min-height: 48px;"
    >
      <div
        class="Checkbox__checkboxContainer Box__root borderColor__standard marginRight__small"
        style="width: 30px; height: 30px; margin-top: 9px;"
      >
        <div
          class="Checkbox__checkbox borderRadius__standard Box__root backgroundColor__input borderColor__standard borderWidth__standard"
        />
        <div
          class="Checkbox__checkbox Checkbox__checkboxHover borderRadius__standard Box__root backgroundColor__input borderColor__formAccent borderWidth__standard"
        />
        <div
          class="Checkbox__checkbox Checkbox__checkboxFocus boxShadow__focus borderRadius__standard transition__fast Box__root backgroundColor__input borderColor__standard"
        />
        <div
          class="Checkbox__checkbox Checkbox__checkboxChecked backgroundColor__formAccent borderRadius__standard transition__fast Box__root backgroundColor__input borderColor__formAccent borderWidth__standard"
        />
        <div
          class="Checkbox__checkbox Checkbox__checkboxDisabled borderRadius__standard transition__fast Box__root backgroundColor__inputDisabled borderColor__standard borderWidth__standard"
        />
        <div
          class="Checkbox__checkbox Checkbox__checkboxCritical borderRadius__standard transition__fast Box__root borderColor__critical borderWidth__standard"
          style="opacity: 0;"
        />
        <div
          class="Checkbox__checkboxIcon transition__fast Box__root borderColor__standard"
        >
          <svg
            class="fill__white Icon__fillSize Box__root borderColor__standard"
            height="16"
            viewBox="90.471 302.809 823 823"
            width="16"
          >
            <path
              d="M365.407 1022.185L90.677 747.457l67.883-67.882L365.406 886.42l479.977-479.988 67.883 67.882"
            />
          </svg>
        </div>
      </div>
      <div
        class="Text__block fontFamily__text color__neutral fontSize__interaction fontWeight__regular Box__root borderColor__standard"
      >
        Label
      </div>
    </label>
    <div
      class="Box__root borderColor__standard paddingRight__none paddingLeft__none"
    >
      <div
        class="Checkbox__children Box__root borderColor__standard paddingBottom__small paddingLeft__small"
        style="margin-left: 30px;"
      >
        Children
      </div>
    </div>
  </div>
  <div
    class="Box__root borderColor__standard paddingRight__none paddingLeft__none"
  >
    <div
      class="Box__root borderColor__standard paddingBottom__small"
      id="id-message"
      tabindex="-1"
    >
      <div
        class="Text__block fontFamily__text color__neutral fontSize__standard fontWeight__regular transform__standardText Box__root borderColor__standard"
      >
        <div
          class="FieldMessage__content"
        >
          <div
            class="height__standardText"
          />
          <div />
        </div>
      </div>
    </div>
  </div>
</div>
`;

exports[`Checkbox Theme: wireframe Unchecked 1`] = `
<div
  class="Box__root borderColor__standard"
>
  <input
    aria-describedby="id-message"
    class="Checkbox__realCheckbox"
    id="id"
    type="checkbox"
  />
  <div
    class="Checkbox__content"
  >
    <label
      class="Checkbox__label Box__root borderColor__standard"
      for="id"
      style="min-height: 48px;"
    >
      <div
        class="Checkbox__checkboxContainer Box__root borderColor__standard marginRight__small"
        style="width: 30px; height: 30px; margin-top: 9px;"
      >
        <div
          class="Checkbox__checkbox borderRadius__standard Box__root backgroundColor__input borderColor__standard borderWidth__standard"
        />
        <div
          class="Checkbox__checkbox Checkbox__checkboxHover borderRadius__standard Box__root backgroundColor__input borderColor__formAccent borderWidth__standard"
        />
        <div
          class="Checkbox__checkbox Checkbox__checkboxFocus boxShadow__focus borderRadius__standard transition__fast Box__root backgroundColor__input borderColor__standard"
        />
        <div
          class="Checkbox__checkbox Checkbox__checkboxChecked backgroundColor__formAccent borderRadius__standard transition__fast Box__root backgroundColor__input borderColor__formAccent borderWidth__standard"
        />
        <div
          class="Checkbox__checkbox Checkbox__checkboxDisabled borderRadius__standard transition__fast Box__root backgroundColor__inputDisabled borderColor__standard borderWidth__standard"
        />
        <div
          class="Checkbox__checkbox Checkbox__checkboxCritical borderRadius__standard transition__fast Box__root borderColor__critical borderWidth__standard"
          style="opacity: 0;"
        />
        <div
          class="Checkbox__checkboxIcon transition__fast Box__root borderColor__standard"
        >
          <svg
            class="fill__white Icon__fillSize Box__root borderColor__standard"
            height="16"
            viewBox="90.471 302.809 823 823"
            width="16"
          >
            <path
              d="M365.407 1022.185L90.677 747.457l67.883-67.882L365.406 886.42l479.977-479.988 67.883 67.882"
            />
          </svg>
        </div>
      </div>
      <div
        class="Text__block fontFamily__text color__neutral fontSize__interaction fontWeight__regular Box__root borderColor__standard"
      >
        Label
      </div>
    </label>
  </div>
  <div
    class="Box__root borderColor__standard paddingRight__none paddingLeft__none"
  >
    <div
      class="Box__root borderColor__standard paddingBottom__small"
      id="id-message"
      tabindex="-1"
    >
      <div
        class="Text__block fontFamily__text color__neutral fontSize__standard fontWeight__regular transform__standardText Box__root borderColor__standard"
      >
        <div
          class="FieldMessage__content"
        >
          <div
            class="height__standardText"
          />
          <div />
        </div>
      </div>
    </div>
  </div>
</div>
`;

exports[`Checkbox Theme: wireframe With message 1`] = `
<div
  class="Box__root borderColor__standard"
>
  <input
    aria-describedby="id-message"
    checked=""
    class="Checkbox__realCheckbox"
    id="id"
    type="checkbox"
  />
  <div
    class="Checkbox__content"
  >
    <label
      class="Checkbox__label Box__root borderColor__standard"
      for="id"
      style="min-height: 48px;"
    >
      <div
        class="Checkbox__checkboxContainer Box__root borderColor__standard marginRight__small"
        style="width: 30px; height: 30px; margin-top: 9px;"
      >
        <div
          class="Checkbox__checkbox borderRadius__standard Box__root backgroundColor__input borderColor__standard borderWidth__standard"
        />
        <div
          class="Checkbox__checkbox Checkbox__checkboxHover borderRadius__standard Box__root backgroundColor__input borderColor__formAccent borderWidth__standard"
        />
        <div
          class="Checkbox__checkbox Checkbox__checkboxFocus boxShadow__focus borderRadius__standard transition__fast Box__root backgroundColor__input borderColor__standard"
        />
        <div
          class="Checkbox__checkbox Checkbox__checkboxChecked backgroundColor__formAccent borderRadius__standard transition__fast Box__root backgroundColor__input borderColor__formAccent borderWidth__standard"
        />
        <div
          class="Checkbox__checkbox Checkbox__checkboxDisabled borderRadius__standard transition__fast Box__root backgroundColor__inputDisabled borderColor__standard borderWidth__standard"
        />
        <div
          class="Checkbox__checkbox Checkbox__checkboxCritical borderRadius__standard transition__fast Box__root borderColor__critical borderWidth__standard"
          style="opacity: 1;"
        />
        <div
          class="Checkbox__checkboxIcon transition__fast Box__root borderColor__standard"
        >
          <svg
            class="fill__white Icon__fillSize Box__root borderColor__standard"
            height="16"
            viewBox="90.471 302.809 823 823"
            width="16"
          >
            <path
              d="M365.407 1022.185L90.677 747.457l67.883-67.882L365.406 886.42l479.977-479.988 67.883 67.882"
            />
          </svg>
        </div>
      </div>
      <div
        class="Text__block fontFamily__text color__neutral fontSize__interaction fontWeight__strong Box__root borderColor__standard"
      >
        Label
      </div>
    </label>
    <div
      class="Box__root borderColor__standard paddingRight__none paddingLeft__none"
    >
      <div
        class="Checkbox__children Box__root borderColor__standard paddingBottom__small paddingLeft__small"
        style="margin-left: 30px;"
      >
        Children
      </div>
    </div>
  </div>
  <div
    class="Box__root borderColor__standard paddingRight__none paddingLeft__none"
  >
    <div
      class="Box__root borderColor__standard paddingBottom__small"
      id="id-message"
      tabindex="-1"
    >
      <div
        class="Text__block fontFamily__text color__critical fontSize__standard fontWeight__regular transform__standardText Box__root borderColor__standard"
      >
        <div
          class="FieldMessage__content"
        >
          <div
            class="height__standardText"
          />
          <div
            class="FieldMessage__icon Box__root borderColor__standard paddingRight__xsmall"
          >
            <svg
              class="width__standardText height__standardText fill__critical Box__root borderColor__standard"
              height="16"
              viewBox="0 0 512 512"
              width="16"
            >
              <path
                d="M489.308 156.341c-12.902-30.484-31.355-57.856-54.861-81.357-23.512-23.501-50.883-41.959-81.377-54.855-31.575-13.353-65.106-20.122-99.65-20.122s-68.066 6.769-99.635 20.122c-30.484 12.902-57.856 31.35-81.357 54.851-23.511 23.501-41.968 50.877-54.865 81.357-13.342 31.575-20.122 65.111-20.122 99.656 0 34.56 6.774 68.080 20.122 99.656 12.902 30.485 31.36 57.856 54.861 81.367s50.877 41.959 81.357 54.856c31.575 13.348 65.096 20.122 99.635 20.122 34.56 0 68.081-6.759 99.656-20.122 30.485-12.902 57.856-31.35 81.372-54.856 23.5-23.5 41.964-50.883 54.861-81.367 13.368-31.58 20.137-65.106 20.137-99.661 0-34.544-6.774-68.076-20.132-99.645zM232.99 371.167h41.334c3.687 0 6.687 2.995 6.687 6.692v41.063c0 3.702-2.995 6.697-6.692 6.697h-41.339c-3.696 0-6.692-2.995-6.692-6.692v-41.063c0-3.702 2.99-6.697 6.686-6.697zM226.304 312.051v-219.587c0-3.697 2.99-6.692 6.686-6.692h41.063c3.707 0 6.707 3 6.707 6.697v219.587c0 3.697-3 6.692-6.707 6.692h-41.063c-3.696 0-6.692-3-6.692-6.692z"
              />
            </svg>
          </div>
          <div>
            Message
          </div>
        </div>
      </div>
    </div>
  </div>
</div>
`;
