// Jest Snapshot v1, https://goo.gl/fbAQLP

exports[`build side-effects from dist 1`] = `
[
  "dist/playroom/components.cjs",
  "dist/playroom/components.mjs",
  "dist/reset.cjs",
  "dist/reset.mjs",
  "dist/side-effects/lib/components/BraidProvider/BraidProvider.cjs",
  "dist/side-effects/lib/components/BraidProvider/BraidProvider.mjs",
  "dist/side-effects/lib/css/reset/index.cjs",
  "dist/side-effects/lib/css/reset/index.mjs",
  "dist/side-effects/lib/css/reset/resetTracker.cjs",
  "dist/side-effects/lib/css/reset/resetTracker.mjs",
  "dist/side-effects/lib/themes/apac/index.cjs",
  "dist/side-effects/lib/themes/apac/index.mjs",
  "dist/side-effects/lib/themes/baseTokens/apac.cjs",
  "dist/side-effects/lib/themes/baseTokens/apac.mjs",
  "dist/side-effects/lib/themes/docs/index.cjs",
  "dist/side-effects/lib/themes/docs/index.mjs",
  "dist/side-effects/lib/themes/index.cjs",
  "dist/side-effects/lib/themes/index.mjs",
  "dist/side-effects/lib/themes/makeRuntimeTokens.cjs",
  "dist/side-effects/lib/themes/makeRuntimeTokens.mjs",
  "dist/side-effects/lib/themes/seekBusiness/index.cjs",
  "dist/side-effects/lib/themes/seekBusiness/index.mjs",
  "dist/side-effects/lib/themes/wireframe/index.cjs",
  "dist/side-effects/lib/themes/wireframe/index.mjs",
  "dist/styles/lib/css/atoms/atomicProperties.cjs",
  "dist/styles/lib/css/atoms/atomicProperties.mjs",
  "dist/styles/lib/css/atoms/atoms.cjs",
  "dist/styles/lib/css/atoms/atoms.mjs",
  "dist/styles/lib/themes/apac/tokens.cjs",
  "dist/styles/lib/themes/apac/tokens.mjs",
  "dist/styles/lib/themes/docs/tokens.cjs",
  "dist/styles/lib/themes/docs/tokens.mjs",
  "dist/styles/lib/themes/makeBraidTheme.cjs",
  "dist/styles/lib/themes/makeBraidTheme.mjs",
  "dist/styles/lib/themes/makeVanillaTheme.cjs",
  "dist/styles/lib/themes/makeVanillaTheme.mjs",
  "dist/styles/lib/themes/seekBusiness/tokens.cjs",
  "dist/styles/lib/themes/seekBusiness/tokens.mjs",
  "dist/styles/lib/themes/wireframe/tokens.cjs",
  "dist/styles/lib/themes/wireframe/tokens.mjs",
  "dist/themes/apac.cjs",
  "dist/themes/apac.mjs",
  "dist/themes/docs.cjs",
  "dist/themes/docs.mjs",
  "dist/themes/seekBusiness.cjs",
  "dist/themes/seekBusiness.mjs",
  "dist/themes/wireframe.cjs",
  "dist/themes/wireframe.mjs",
]
`;

exports[`build side-effects from src 1`] = `
[
  "src/entries/playroom/components.ts",
  "src/entries/reset.ts",
  "src/entries/themes/apac.ts",
  "src/entries/themes/docs.ts",
  "src/entries/themes/seekBusiness.ts",
  "src/entries/themes/wireframe.ts",
  "src/lib/components/BraidProvider/BraidProvider.tsx",
  "src/lib/css/atoms/atomicProperties.ts",
  "src/lib/css/atoms/atoms.ts",
  "src/lib/css/reset/index.ts",
  "src/lib/css/reset/resetTracker.ts",
  "src/lib/themes/apac/index.ts",
  "src/lib/themes/apac/tokens.ts",
  "src/lib/themes/baseTokens/apac.ts",
  "src/lib/themes/docs/index.ts",
  "src/lib/themes/docs/tokens.ts",
  "src/lib/themes/index.ts",
  "src/lib/themes/makeBraidTheme.ts",
  "src/lib/themes/makeRuntimeTokens.ts",
  "src/lib/themes/makeVanillaTheme.ts",
  "src/lib/themes/seekBusiness/index.ts",
  "src/lib/themes/seekBusiness/tokens.ts",
  "src/lib/themes/themeUtils.ts",
  "src/lib/themes/tokenType.ts",
  "src/lib/themes/wireframe/index.ts",
  "src/lib/themes/wireframe/tokens.ts",
]
`;
