// Jest Snapshot v1, https://goo.gl/fbAQLP

exports[`build side-effects from dist 1`] = `
[
  "dist/playroom/components.cjs",
  "dist/playroom/components.mjs",
  "dist/reset.cjs",
  "dist/reset.mjs",
  "dist/side-effects/lib/components/BraidProvider/BraidProvider.cjs",
  "dist/side-effects/lib/components/BraidProvider/BraidProvider.mjs",
  "dist/side-effects/lib/css/reset/resetTracker.cjs",
  "dist/side-effects/lib/css/reset/resetTracker.mjs",
]
`;

exports[`build side-effects from src 1`] = `
[
  "src/entries/playroom/components.ts",
  "src/entries/reset.ts",
  "src/lib/components/BraidProvider/BraidProvider.tsx",
  "src/lib/css/reset/resetTracker.ts",
]
`;
