// Jest Snapshot v1, https://goo.gl/fbAQLP

exports[`Bullet Theme: jobStreet Default 1`] = `
<li
  class="Text__block atoms__fontFamily_text atoms__color_neutral atoms__fontSize_standard atoms__fontWeight_regular atoms__transform_standardText Text__listItem Box__root atoms__borderColor_standard"
>
  <span
    class="Bullet__block Box__root atoms__borderColor_standard atoms__paddingBottom_xsmall"
  >
    Bullet
  </span>
</li>
`;

exports[`Bullet Theme: seekAnz Default 1`] = `
<li
  class="Text__block atoms__fontFamily_text atoms__color_neutral atoms__fontSize_standard atoms__fontWeight_regular atoms__transform_standardText Text__listItem Box__root atoms__borderColor_standard"
>
  <span
    class="Bullet__block Box__root atoms__borderColor_standard atoms__paddingBottom_xsmall"
  >
    Bullet
  </span>
</li>
`;

exports[`Bullet Theme: seekAsia Default 1`] = `
<li
  class="Text__block atoms__fontFamily_text atoms__color_neutral atoms__fontSize_standard atoms__fontWeight_regular atoms__transform_standardText Text__listItem Box__root atoms__borderColor_standard"
>
  <span
    class="Bullet__block Box__root atoms__borderColor_standard atoms__paddingBottom_xsmall"
  >
    Bullet
  </span>
</li>
`;

exports[`Bullet Theme: wireframe Default 1`] = `
<li
  class="Text__block atoms__fontFamily_text atoms__color_neutral atoms__fontSize_standard atoms__fontWeight_regular atoms__transform_standardText Text__listItem Box__root atoms__borderColor_standard"
>
  <span
    class="Bullet__block Box__root atoms__borderColor_standard atoms__paddingBottom_xsmall"
  >
    Bullet
  </span>
</li>
`;
