// Jest Snapshot v1, https://goo.gl/fbAQLP

exports[`Bullet Theme: jobStreet Default 1`] = `
<li
  class="Text__block fontFamily__text color__neutral fontSize__standard fontWeight__regular transform__standardText Text__listItem Box__root borderColor__standard paddingBottom__xsmall"
  style="margin-left: 1.3em;"
>
  Bullet
</li>
`;

exports[`Bullet Theme: seekAnz Default 1`] = `
<li
  class="Text__block fontFamily__text color__neutral fontSize__standard fontWeight__regular transform__standardText Text__listItem Box__root borderColor__standard paddingBottom__xsmall"
  style="margin-left: 1.3em;"
>
  Bullet
</li>
`;

exports[`Bullet Theme: seekAsia Default 1`] = `
<li
  class="Text__block fontFamily__text color__neutral fontSize__standard fontWeight__regular transform__standardText Text__listItem Box__root borderColor__standard paddingBottom__xsmall"
  style="margin-left: 1.3em;"
>
  Bullet
</li>
`;

exports[`Bullet Theme: wireframe Default 1`] = `
<li
  class="Text__block fontFamily__text color__neutral fontSize__standard fontWeight__regular transform__standardText Text__listItem Box__root borderColor__standard paddingBottom__xsmall"
  style="margin-left: 1.3em;"
>
  Bullet
</li>
`;
