// Vitest Snapshot v1, https://vitest.dev/guide/snapshot.html

exports[`build > side-effects from dist 1`] = `[]`;

exports[`build > side-effects from src 1`] = `
[
  "src/lib/components/BraidProvider/BraidProvider.tsx",
  "src/lib/css/reset/resetTracker.ts",
  "src/lib/playroom/components.ts",
  "src/playroom/components.ts",
  "src/reset.ts",
]
`;
