// Jest Snapshot v1, https://goo.gl/fbAQLP

exports[`FieldLabel Theme: jobStreet Default 1`] = `
<label
  class="Text__block fontFamily__text color__neutral fontSize__standard fontWeight__strong transform__standardText Box__root borderColor__standard"
>
  Label
</label>
`;

exports[`FieldLabel Theme: seekAnz Default 1`] = `
<label
  class="Text__block fontFamily__text color__neutral fontSize__standard fontWeight__strong transform__standardText Box__root borderColor__standard"
>
  Label
</label>
`;

exports[`FieldLabel Theme: seekAsia Default 1`] = `
<label
  class="Text__block fontFamily__text color__neutral fontSize__standard fontWeight__strong transform__standardText Box__root borderColor__standard"
>
  Label
</label>
`;

exports[`FieldLabel Theme: wireframe Default 1`] = `
<label
  class="Text__block fontFamily__text color__neutral fontSize__standard fontWeight__strong transform__standardText Box__root borderColor__standard"
>
  Label
</label>
`;
