// Jest Snapshot v1, https://goo.gl/fbAQLP

exports[`FieldLabel Theme: jobStreet Default 1`] = `
<label
  class="Text__block atoms__fontFamily_text atoms__color_neutral atoms__fontSize_standard atoms__fontWeight_strong atoms__transform_standardText Box__root atoms__borderColor_standard"
>
  Label
</label>
`;

exports[`FieldLabel Theme: seekAnz Default 1`] = `
<label
  class="Text__block atoms__fontFamily_text atoms__color_neutral atoms__fontSize_standard atoms__fontWeight_strong atoms__transform_standardText Box__root atoms__borderColor_standard"
>
  Label
</label>
`;

exports[`FieldLabel Theme: seekAsia Default 1`] = `
<label
  class="Text__block atoms__fontFamily_text atoms__color_neutral atoms__fontSize_standard atoms__fontWeight_strong atoms__transform_standardText Box__root atoms__borderColor_standard"
>
  Label
</label>
`;

exports[`FieldLabel Theme: wireframe Default 1`] = `
<label
  class="Text__block atoms__fontFamily_text atoms__color_neutral atoms__fontSize_standard atoms__fontWeight_strong atoms__transform_standardText Box__root atoms__borderColor_standard"
>
  Label
</label>
`;
