// Jest Snapshot v1, https://goo.gl/fbAQLP

exports[`BulletList Theme: jobStreet Default 1`] = `
<ul
  class="Box__root borderColor__standard reset__ul"
>
  <li>
    Bullet
  </li>
  <li>
    Bullet
  </li>
  <li>
    Bullet
  </li>
</ul>
`;

exports[`BulletList Theme: seekAnz Default 1`] = `
<ul
  class="Box__root borderColor__standard reset__ul"
>
  <li>
    Bullet
  </li>
  <li>
    Bullet
  </li>
  <li>
    Bullet
  </li>
</ul>
`;

exports[`BulletList Theme: seekAsia Default 1`] = `
<ul
  class="Box__root borderColor__standard reset__ul"
>
  <li>
    Bullet
  </li>
  <li>
    Bullet
  </li>
  <li>
    Bullet
  </li>
</ul>
`;

exports[`BulletList Theme: wireframe Default 1`] = `
<ul
  class="Box__root borderColor__standard reset__ul"
>
  <li>
    Bullet
  </li>
  <li>
    Bullet
  </li>
  <li>
    Bullet
  </li>
</ul>
`;
