// Jest Snapshot v1, https://goo.gl/fbAQLP

exports[`Card Theme: jobStreet Default 1`] = `
<div
  class="Box__root atoms__borderColor_standard atoms__paddingBottom_medium"
>
  <div
    class="Box__root atoms__backgroundColor_card atoms__borderColor_standard"
  >
    Children
  </div>
</div>
`;

exports[`Card Theme: seekAnz Default 1`] = `
<div
  class="Box__root atoms__borderColor_standard atoms__paddingBottom_medium"
>
  <div
    class="Box__root atoms__backgroundColor_card atoms__borderColor_standard"
  >
    Children
  </div>
</div>
`;

exports[`Card Theme: seekAsia Default 1`] = `
<div
  class="Box__root atoms__borderColor_standard atoms__paddingBottom_medium"
>
  <div
    class="Box__root atoms__backgroundColor_card atoms__borderColor_standard"
  >
    Children
  </div>
</div>
`;

exports[`Card Theme: wireframe Default 1`] = `
<div
  class="Box__root atoms__borderColor_standard atoms__paddingBottom_medium"
>
  <div
    class="Box__root atoms__backgroundColor_card atoms__borderColor_standard"
  >
    Children
  </div>
</div>
`;
