// Jest Snapshot v1, https://goo.gl/fbAQLP

exports[`Box Theme: jobStreet All props 1`] = `
<section
  class="GLOBAL_CLASS Box__root atoms__backgroundColor_card atoms__borderColor_standard atoms__borderWidth_standard atoms__borderRadius_standard atoms__marginTop_small atoms__marginRight_small atoms__marginBottom_small atoms__marginLeft_small atoms__paddingTop_small atoms__paddingRight_small atoms__paddingBottom_small atoms__paddingLeft_small reset__section"
>
  Children
</section>
`;

exports[`Box Theme: jobStreet No props 1`] = `
<div
  class="Box__root atoms__borderColor_standard"
>
  Children
</div>
`;

exports[`Box Theme: jobStreet Unknown values 1`] = `
<div
  class="Box__root atoms__borderColor_standard"
>
  Children
</div>
`;

exports[`Box Theme: seekAnz All props 1`] = `
<section
  class="GLOBAL_CLASS Box__root atoms__backgroundColor_card atoms__borderColor_standard atoms__borderWidth_standard atoms__borderRadius_standard atoms__marginTop_small atoms__marginRight_small atoms__marginBottom_small atoms__marginLeft_small atoms__paddingTop_small atoms__paddingRight_small atoms__paddingBottom_small atoms__paddingLeft_small reset__section"
>
  Children
</section>
`;

exports[`Box Theme: seekAnz No props 1`] = `
<div
  class="Box__root atoms__borderColor_standard"
>
  Children
</div>
`;

exports[`Box Theme: seekAnz Unknown values 1`] = `
<div
  class="Box__root atoms__borderColor_standard"
>
  Children
</div>
`;

exports[`Box Theme: seekAsia All props 1`] = `
<section
  class="GLOBAL_CLASS Box__root atoms__backgroundColor_card atoms__borderColor_standard atoms__borderWidth_standard atoms__borderRadius_standard atoms__marginTop_small atoms__marginRight_small atoms__marginBottom_small atoms__marginLeft_small atoms__paddingTop_small atoms__paddingRight_small atoms__paddingBottom_small atoms__paddingLeft_small reset__section"
>
  Children
</section>
`;

exports[`Box Theme: seekAsia No props 1`] = `
<div
  class="Box__root atoms__borderColor_standard"
>
  Children
</div>
`;

exports[`Box Theme: seekAsia Unknown values 1`] = `
<div
  class="Box__root atoms__borderColor_standard"
>
  Children
</div>
`;

exports[`Box Theme: wireframe All props 1`] = `
<section
  class="GLOBAL_CLASS Box__root atoms__backgroundColor_card atoms__borderColor_standard atoms__borderWidth_standard atoms__borderRadius_standard atoms__marginTop_small atoms__marginRight_small atoms__marginBottom_small atoms__marginLeft_small atoms__paddingTop_small atoms__paddingRight_small atoms__paddingBottom_small atoms__paddingLeft_small reset__section"
>
  Children
</section>
`;

exports[`Box Theme: wireframe No props 1`] = `
<div
  class="Box__root atoms__borderColor_standard"
>
  Children
</div>
`;

exports[`Box Theme: wireframe Unknown values 1`] = `
<div
  class="Box__root atoms__borderColor_standard"
>
  Children
</div>
`;
